2005-01-17 15:57:43,125 INFO  org.apache.maven.cli.App - Total time: 5 seconds
2005-01-17 15:57:43,125 INFO  org.apache.maven.cli.App - Finished at: Mon Jan 17 15:57:43 CST 2005
2005-01-17 15:57:43,125 INFO  org.apache.maven.cli.App - 
